**********************
Windows PowerShell transcript start
Start time: 20260702100759
Username: HP255G7\Personal
RunAs User: HP255G7\Personal
Configuration Name: 
Machine: HP255G7 (Microsoft Windows NT 10.0.26200.0)
Host Application: C:\Windows\System32\WindowsPowerShell\v1.0\powershell.exe
Process ID: 12576
PSVersion: 5.1.26100.8737
PSEdition: Desktop
PSCompatibleVersions: 1.0, 2.0, 3.0, 4.0, 5.0, 5.1.26100.8737
BuildVersion: 10.0.26100.8737
CLRVersion: 4.0.30319.42000
WSManStackVersion: 3.0
PSRemotingProtocolVersion: 2.3
SerializationVersion: 1.1.0.1
**********************
Transcript started, output file is ..\logs\Backup_2026-07-02_100759.log

===================================
 Enterprise Backup Utility v2.1
===================================

Scanning source folder...
Files found   : 3
Folders found : 0


===================================
 Backup Summary
===================================

Source Folder : C:\Temp\TestData
Backup Folder : C:\Backups\Backup_2026-07-02_100759
Files Copied  : 3
Folders       : 0
Size (MB)     : 4.76
Verification  : Passed
Duration      : 00:00:00.1409265

Backup completed successfully.
**********************
Windows PowerShell transcript end
End time: 20260702100759
**********************
